## test/extract-samples/build-depends.cabal
cabal.version	0,15-0,21	>=1.10
field.name	1,0-1,4	name
value.identifier	1,6-1,17	depends-zoo
field.name	2,0-2,7	version
value.version	2,9-2,16	0.3.1.0
section.type	4,0-4,7	library
field.name	5,2-5,15	build-depends
value.identifier	6,6-6,10	base
value.constraint	6,11-6,13	>=
value.version	6,13-6,17	4.14
value.constraint	6,18-6,20	&&
value.constraint	6,21-6,22	<
value.identifier	7,6-7,16	bytestring
value.constraint	7,17-7,20	^>=
value.version	7,21-7,25	0.11
value.qualified	8,6-8,25	containers:internal
value.identifier	9,6-9,9	mtl
value.constraint	9,10-9,12	>=
value.version	9,13-9,16	2.2
value.constraint	9,17-9,19	&&
value.constraint	9,20-9,21	<
value.version	9,22-9,25	2.4
value.qualified	10,6-10,23	acme:{core,extra}
value.identifier	11,6-11,10	text
value.constraint	11,11-11,13	==
value.version	11,13-11,18	1.2.*
field.name	12,2-12,20	default-extensions
value.identifier	12,22-12,39	OverloadedStrings
value.identifier	12,41-12,51	LambdaCase
value.identifier	12,53-12,69	TypeApplications
section.type	14,0-14,7	library
section.name	14,8-14,16	internal
field.name	15,2-15,15	build-depends
value.identifier	15,17-15,21	base
value.constraint	15,22-15,25	^>=
value.version	15,25-15,29	4.14
value.identifier	15,31-15,36	aeson
field.name	16,2-16,12	visibility
value.identifier	16,14-16,20	public
## test/extract-samples/conditionals.cabal
cabal.version	0,15-0,18	3.0
field.name	1,0-1,4	name
value.identifier	1,6-1,14	cond-zoo
section.type	3,0-3,4	flag
section.name	3,5-3,8	dev
field.name	4,2-4,13	description
value.identifier	4,15-4,26	development
value.identifier	4,27-4,32	build
field.name	5,2-5,9	default
value.bool	5,11-5,15	True
field.name	6,2-6,8	manual
value.bool	6,10-6,15	False
section.type	8,0-8,10	executable
section.name	8,11-8,14	foo
field.name	9,2-9,9	main-is
value.identifier	9,11-9,18	Main.hs
predicate.fn	10,5-10,9	flag
predicate.arg	10,10-10,13	dev
predicate.fn	10,19-10,21	os
predicate.arg	10,22-10,29	windows
field.name	11,4-11,15	ghc-options
value.flag	11,17-11,20	-O0
value.flag	11,21-11,26	-Wall
predicate.fn	12,7-12,11	impl
predicate.arg	12,12-12,15	ghc
predicate.constraint	12,16-12,18	>=
predicate.version	12,19-12,22	9.4
field.name	13,4-13,15	ghc-options
value.flag	13,17-13,20	-O2
field.name	15,4-15,15	ghc-options
value.flag	15,17-15,20	-O1
field.name	16,2-16,15	build-depends
value.identifier	16,17-16,21	base
section.type	18,0-18,17	source-repository
section.name	18,18-18,22	head
field.name	19,2-19,6	type
value.identifier	19,8-19,11	git
field.name	20,2-20,10	location
value.url	20,12-20,48	https://github.com/acme/cond-zoo.git
## test/extract-samples/edge-cases.cabal
cabal.version	0,15-0,18	3.0
field.name	1,0-1,4	name
value.identifier	1,6-1,14	edge-zoo
field.name	2,0-2,8	homepage
value.constraint	2,10-2,11	<
value.url	2,11-2,35	https://example.com/home
value.constraint	2,35-2,36	>
field.name	3,0-3,11	bug-reports
value.url	3,13-3,37	https://example.com/bugs
section.type	5,0-5,7	library
field.name	6,2-6,13	description
value.identifier	7,4-7,5	A
value.identifier	7,6-7,10	long
value.identifier	7,11-7,22	description
value.identifier	8,4-8,12	spanning
value.identifier	8,13-8,21	multiple
value.identifier	8,22-8,28	lines.
field.name	9,2-9,15	build-depends
value.qualified	9,17-9,35	acme:{core, extra}
## test/extract-samples/package.cabal
cabal.version	0,15-0,18	3.4
field.name	1,0-1,4	name
value.identifier	1,6-1,18	acme-widgets
field.name	2,0-2,7	version
value.version	2,9-2,14	1.2.0
field.name	3,0-3,8	homepage
value.constraint	3,10-3,11	<
value.url	3,11-3,35	https://example.com/acme
value.constraint	3,35-3,36	>
section.type	5,0-5,7	library
field.name	6,2-6,15	build-depends
value.identifier	7,6-7,10	base
value.constraint	7,11-7,13	>=
value.version	7,14-7,18	4.14
value.qualified	8,6-8,25	containers:internal
field.name	9,2-9,17	exposed-modules
value.module	10,4-10,16	Acme.Widgets
## test/extract-samples/sections.cabal
cabal.version	0,15-0,18	2.4
field.name	1,0-1,4	name
value.identifier	1,6-1,14	acme-app
section.type	3,0-3,4	flag
section.name	3,5-3,10	debug
field.name	4,2-4,9	default
value.bool	4,11-4,16	False
section.type	6,0-6,10	executable
section.name	6,11-6,15	acme
field.name	7,2-7,9	main-is
value.identifier	7,11-7,18	Main.hs
predicate.fn	8,5-8,9	flag
predicate.arg	8,10-8,15	debug
field.name	9,4-9,15	ghc-options
value.flag	9,17-9,26	-threaded
value.flag	9,27-9,35	-rtsopts
