## test/extract-samples/closures.dump-stg-final
bind.name	1,0-1,5	$WNil
con.name	1,8-1,11	Nil
bind.name	3,0-3,6	$WCons
closure.update	3,9-3,11	\r
con.name	3,29-3,33	Cons
bind.name	5,0-5,1	f
closure.update	5,4-5,6	\r
case.scrutinee	5,17-5,19	ds
case.binder	5,23-5,27	wild
alt.pattern	5,30-5,34	Left
binder.occ	5,37-5,48	[Occ=Once1]
alt.default	5,55-5,64	__DEFAULT
bind.name	7,0-7,2	go
closure.update	7,8-7,10	\r
case.scrutinee	7,23-7,25	ds
case.binder	7,29-7,33	wild
alt.pattern	7,36-7,37	C
occ.tagged	7,43-7,63	wild<TagVal[TagEPT]>
bind.name	9,0-9,3	lvl
bind.literal	9,6-9,14	0#Word64
## test/extract-samples/entry-binder.dump-stg-final
bind.entry	0,0-0,10	:Main.main
closure.update	2,7-2,9	\u
## test/extract-samples/foreign-and-ops.dump-stg-final
bind.name	1,0-1,7	plusInt
closure.update	1,10-1,12	\r
app.op	1,21-1,30	GHC.Num.*
bind.name	3,0-3,7	genProd
closure.update	3,10-3,12	\r
con.op	3,19-3,35	GHC.Generics.:*:
bind.name	5,0-5,6	perfGC
closure.update	5,9-5,11	\u
ffi.target	5,44-5,63	base:performMajorGC
bind.name	7,0-7,6	joinPt
closure.ccs	7,9-7,15	NO_CCS
closure.update	7,16-7,18	\r
bind.name	7,45-7,49	$wgo
closure.update	7,52-7,54	\j
bind.name	9,0-9,11	singleEntry
closure.update	9,14-9,16	\s
bind.name	11,0-11,5	opApp
closure.update	11,8-11,10	\u
## test/extract-samples/rec-and-let.dump-stg-final
binder.name	2,1-2,4	M.x
binder.tag	2,6-2,16	<TagDunno>
closure.update	2,23-2,25	\u
binder.name	5,1-5,4	M.f
binder.tag	5,6-5,17	<TagProper>
closure.freevar	5,22-5,23	a
closure.freevar	5,25-5,26	f
closure.update	5,28-5,30	\r
binder.name	5,33-5,34	g
binder.tag	5,36-5,46	<TagDunno>
bind.name	7,0-7,3	bar
closure.update	7,6-7,8	\u
bind.name	7,18-7,21	sat
bind.type	7,36-7,37	T
con.ccs	7,48-7,54	NO_CCS
con.name	7,55-7,57	Mk
bind.name	9,0-9,1	f
closure.update	9,4-9,6	\r
tick	9,11-9,26	src<file:1:1-2>
## test/extract-samples/stg-rhs-con.dump-stg-final
bind.name	1,0-1,8	sat_s1xR
con.name	1,11-1,19	Main.Res
bind.con-name	3,0-3,8	Main.MkW
con.name	3,11-3,14	MkW
bind.con-name	5,0-5,5	MkW_F
closure.update	5,8-5,10	\r
con.name	5,20-5,28	Main.MkW
bind.con-name	7,0-7,11	T24806.Tup2
con.name	7,14-7,18	Tup2
bind.name	9,0-9,8	sat_s1xP
con.special	9,11-9,12	:
bind.name	11,0-11,1	p
con.op	11,4-11,20	GHC.Generics.:*:
bind.con-name	13,0-13,6	Main.U
closure.update	15,7-15,9	\r
con.name	15,19-15,25	Main.U
## test/extract-samples/tags-and-annotations.dump-stg-final
binder.name	2,1-2,10	Main.loop
binder.tag	2,12-2,23	<TagProper>
closure.update	2,30-2,32	\u
binder.name	2,35-2,36	x
binder.tag	2,38-2,48	<TagDunno>
binder.con-name	5,1-5,9	Main.Res
binder.con-tag	5,11-5,22	<TagProper>
closure.freevar	5,27-5,33	eta_B0
closure.freevar	5,35-5,41	eta_B1
closure.update	5,43-5,45	\r
binder.name	5,48-5,50	wk
binder.tag	5,52-5,62	<TagDunno>
binder.name	5,65-5,69	strs
binder.tag	5,71-5,81	<TagDunno>
con.name	5,84-5,92	Main.Res
bind.name	7,0-7,5	deRef
closure.update	7,8-7,10	\r
binder.occ	7,64-7,75	[Occ=Once1]
binder.occ	8,21-8,32	[Occ=Once1]
binder.occ	8,38-8,48	[Occ=Dead]
occ.tagged	8,52-8,75	wild<TagProper[TagEPT]>
alt.pattern	9,10-9,15	Solo#
binder.occ	9,21-9,33	[Occ=Once1!]
