## test/extract-samples/conditionals.project
predicate.fn	0,3-0,5	os
predicate.arg	0,6-0,11	linux
predicate.fn	0,16-0,20	arch
predicate.arg	0,21-0,24	arm
predicate.not.fn	0,30-0,34	flag
predicate.fn	0,30-0,34	flag
predicate.arg	0,35-0,39	fast
field.name	1,2-1,16	extra-lib-dirs
value.path	1,18-1,26	/usr/lib
predicate.fn	2,5-2,7	os
predicate.arg	2,8-2,15	windows
field.name	3,2-3,16	extra-lib-dirs
value.path	3,18-3,28	/usr/local
field.name	5,2-5,16	extra-lib-dirs
value.path	5,18-5,26	/opt/lib
if.condition	7,3-7,7	True
field.name	8,2-8,7	tests
value.boolean	8,9-8,13	True
## test/extract-samples/constraints-advanced.project
field.name	0,0-0,11	constraints
value.identifier	0,13-0,17	base
value.op	0,18-0,21	^>=
value.version	0,22-0,26	4.18
value.op	0,27-0,29	&&
value.op	0,30-0,31	<
value.version	0,32-0,36	4.20
value.identifier	1,13-1,17	lens
value.identifier	1,18-1,27	installed
value.identifier	2,13-2,19	vector
value.op	2,20-2,22	>=
value.version	2,23-2,27	0.12
value.op	2,28-2,30	&&
value.op	2,31-2,33	<=
value.version	2,34-2,42	0.13.0.0
value.identifier	3,13-3,17	text
value.flag	3,18-3,28	+developer
value.flag	3,29-3,35	-debug
value.flag	3,36-3,43	+static
qualified.package	4,13-4,18	mypkg
qualified.sublibrary	4,19-4,24	mylib
value.op	4,25-4,28	^>=
value.version	4,29-4,34	1.2.3
qualified.package	5,13-5,18	other
qualified.sublibrary	5,19-5,20	*
field.name	7,0-7,11	allow-newer
qualified.package	7,13-7,14	*
qualified.sublibrary	7,15-7,16	*
qualified.package	7,18-7,23	aeson
qualified.sublibrary	7,24-7,28	base
qualified.package	7,30-7,40	containers
qualified.sublibrary	7,41-7,49	internal
field.name	9,0-9,11	index-state
value.date	9,13-9,33	2025-06-27T20:43:14Z
## test/extract-samples/package-globs.project
field.name	0,0-0,8	packages
value.path	0,10-0,11	.
value.path	1,10-1,17	./pkg-a
value.path	2,10-2,20	../sibling
value.path	3,10-3,19	*/*.cabal
value.identifier	4,10-4,29	packages/**/*.cabal
value.identifier	5,10-5,16	pkg-*/
value.identifier	6,10-6,18	vendor/*
value.path	7,10-7,26	./src/**/*.cabal
## test/extract-samples/packages-constraints.project
field.name	0,0-0,8	packages
value.path	0,10-0,17	./pkg-a
value.path	0,19-0,28	*/*.cabal
field.name	2,0-2,11	constraints
value.identifier	2,13-2,17	base
value.op	2,18-2,20	>=
value.version	2,21-2,25	4.14
value.op	2,26-2,28	&&
value.op	2,29-2,30	<
value.integer	2,31-2,32	5
value.identifier	3,13-3,18	aeson
value.op	3,19-3,21	==
value.version	3,22-3,29	2.1.0.0
value.identifier	4,13-4,17	text
value.flag	4,18-4,28	+developer
value.flag	4,29-4,35	-debug
qualified.package	5,13-5,23	pkga-1.1.2
qualified.sublibrary	5,24-5,36	internal-lib
field.name	7,0-7,5	tests
value.boolean	7,7-7,11	True
field.name	8,0-8,12	optimization
value.integer	8,14-8,15	2
field.name	9,0-9,11	index-state
value.identifier	9,13-9,32	hackage.haskell.org
value.date	9,33-9,53	2025-06-27T20:43:14Z
## test/extract-samples/source-repo.project
stanza.keyword	0,0-0,25	source-repository-package
field.name	1,4-1,8	type
value.identifier	1,10-1,13	git
field.name	2,4-2,12	location
value.url	2,14-2,50	https://github.com/haskell/aeson.git
field.name	3,4-3,7	tag
value.identifier	3,9-3,49	8b2a1e3c9d4f0a5b6c7d8e9f0a1b2c3d4e5f6a7b
field.name	4,4-4,10	subdir
value.identifier	4,12-4,28	aeson-benchmarks
stanza.keyword	6,0-6,25	source-repository-package
field.name	7,4-7,8	type
value.identifier	7,10-7,13	git
field.name	8,4-8,12	location
value.url	8,14-8,39	git://example.org/pkg.git
field.name	9,4-9,7	tag
value.identifier	9,9-9,15	v1.2.3
stanza.keyword	11,0-11,15	program-options
field.name	12,2-12,13	ghc-options
value.string	12,15-12,48	"-with-rtsopts=-T --nonmoving-gc"
## test/extract-samples/stanzas.project
stanza.keyword	0,0-0,25	source-repository-package
field.name	1,4-1,8	type
value.identifier	1,10-1,13	git
field.name	2,4-2,12	location
value.url	2,14-2,46	https://github.com/haskell/cabal
field.name	3,4-3,7	tag
value.identifier	3,9-3,15	abc123
stanza.keyword	5,0-5,7	package
stanza.package	5,8-5,13	aeson
field.name	6,2-6,13	ghc-options
value.flag	6,15-6,18	-O2
stanza.keyword	8,0-8,10	repository
stanza.repo	8,11-8,30	hackage.haskell.org
field.name	9,2-9,5	url
value.url	9,7-9,35	https://hackage.haskell.org/
stanza.keyword	11,0-11,15	program-options
field.name	12,2-12,13	ghc-options
value.string	12,15-12,68	"-with-rtsopts=-T --disable-delayed-os-memory-return"
